
> project@0.1.0 build
> next build

  Γû▓ Next.js 14.2.35

   Creating an optimized production build ...
 Γ£ô Compiled successfully
   Linting and checking validity of types ...

./src/components/gallery/GalleryGrid.tsx
132:19  Warning: Using `<img>` could result in slower LCP and higher bandwidth. Consider using `<Image />` from `next/image` to automatically optimize images. This may incur additional usage or cost from your provider. See: https://nextjs.org/docs/messages/no-img-element  @next/next/no-img-element
172:17  Warning: Using `<img>` could result in slower LCP and higher bandwidth. Consider using `<Image />` from `next/image` to automatically optimize images. This may incur additional usage or cost from your provider. See: https://nextjs.org/docs/messages/no-img-element  @next/next/no-img-element
210:17  Warning: Using `<img>` could result in slower LCP and higher bandwidth. Consider using `<Image />` from `next/image` to automatically optimize images. This may incur additional usage or cost from your provider. See: https://nextjs.org/docs/messages/no-img-element  @next/next/no-img-element
233:19  Warning: Using `<img>` could result in slower LCP and higher bandwidth. Consider using `<Image />` from `next/image` to automatically optimize images. This may incur additional usage or cost from your provider. See: https://nextjs.org/docs/messages/no-img-element  @next/next/no-img-element

./src/components/patents/PatentDetail.tsx
81:19  Warning: Using `<img>` could result in slower LCP and higher bandwidth. Consider using `<Image />` from `next/image` to automatically optimize images. This may incur additional usage or cost from your provider. See: https://nextjs.org/docs/messages/no-img-element  @next/next/no-img-element

./src/components/project/ProjectDetail.tsx
35:7  Warning: Using `<img>` could result in slower LCP and higher bandwidth. Consider using `<Image />` from `next/image` to automatically optimize images. This may incur additional usage or cost from your provider. See: https://nextjs.org/docs/messages/no-img-element  @next/next/no-img-element
54:7  Warning: Using `<img>` could result in slower LCP and higher bandwidth. Consider using `<Image />` from `next/image` to automatically optimize images. This may incur additional usage or cost from your provider. See: https://nextjs.org/docs/messages/no-img-element  @next/next/no-img-element
103:13  Warning: Using `<img>` could result in slower LCP and higher bandwidth. Consider using `<Image />` from `next/image` to automatically optimize images. This may incur additional usage or cost from your provider. See: https://nextjs.org/docs/messages/no-img-element  @next/next/no-img-element

./src/components/project/ProjectsList.tsx
38:17  Warning: Using `<img>` could result in slower LCP and higher bandwidth. Consider using `<Image />` from `next/image` to automatically optimize images. This may incur additional usage or cost from your provider. See: https://nextjs.org/docs/messages/no-img-element  @next/next/no-img-element

./src/components/research/ResearchDetail.tsx
75:19  Warning: Using `<img>` could result in slower LCP and higher bandwidth. Consider using `<Image />` from `next/image` to automatically optimize images. This may incur additional usage or cost from your provider. See: https://nextjs.org/docs/messages/no-img-element  @next/next/no-img-element

./src/components/sections/Gallery.tsx
34:9  Warning: Using `<img>` could result in slower LCP and higher bandwidth. Consider using `<Image />` from `next/image` to automatically optimize images. This may incur additional usage or cost from your provider. See: https://nextjs.org/docs/messages/no-img-element  @next/next/no-img-element

./src/components/sections/Projects.tsx
76:17  Warning: Using `<img>` could result in slower LCP and higher bandwidth. Consider using `<Image />` from `next/image` to automatically optimize images. This may incur additional usage or cost from your provider. See: https://nextjs.org/docs/messages/no-img-element  @next/next/no-img-element

./src/components/sections/VideoShowcase.tsx
38:11  Warning: Using `<img>` could result in slower LCP and higher bandwidth. Consider using `<Image />` from `next/image` to automatically optimize images. This may incur additional usage or cost from your provider. See: https://nextjs.org/docs/messages/no-img-element  @next/next/no-img-element

./src/components/ui/ImageViewer.tsx
205:15  Warning: Using `<img>` could result in slower LCP and higher bandwidth. Consider using `<Image />` from `next/image` to automatically optimize images. This may incur additional usage or cost from your provider. See: https://nextjs.org/docs/messages/no-img-element  @next/next/no-img-element

./src/components/ui/Lightbox.tsx
95:13  Warning: Using `<img>` could result in slower LCP and higher bandwidth. Consider using `<Image />` from `next/image` to automatically optimize images. This may incur additional usage or cost from your provider. See: https://nextjs.org/docs/messages/no-img-element  @next/next/no-img-element

info  - Need to disable some ESLint rules? Learn more here: https://nextjs.org/docs/basic-features/eslint#disabling-rules
   Collecting page data ...
   Generating static pages (0/24) ...
   Generating static pages (6/24) 
   Generating static pages (12/24) 
   Generating static pages (18/24) 
 Γ£ô Generating static pages (24/24)
   Finalizing page optimization ...
   Collecting build traces ...

Route (app)                                             Size     First Load JS
Γöî Γùï /                                                   11.9 kB         159 kB
Γö£ Γùï /_not-found                                         873 B          88.6 kB
Γö£ Γùï /api/projects                                       0 B                0 B
Γö£ Γùï /contact                                            7.45 kB         155 kB
Γö£ Γùï /gallery                                            6.09 kB         145 kB
Γö£ Γùï /patents                                            2.78 kB         150 kB
Γö£ ΓùÅ /patents/[slug]                                     1.94 kB         149 kB
Γö£   Γö£ /patents/modular-wearable-sensor-architecture
Γö£   Γö£ /patents/automated-emergency-response-system
Γö£   Γö£ /patents/portable-acoustic-enclosure
Γö£   Γöö /patents/ai-talent-matching-algorithm
Γö£ Γùï /projects                                           2.21 kB         150 kB
Γö£ ΓùÅ /projects/[slug]                                    12.7 kB         160 kB
Γö£   Γö£ /projects/mowaers-band
Γö£   Γö£ /projects/techlance
Γö£   Γöö /projects/highlighter-speaker
Γö£ Γùï /research                                           2.59 kB         150 kB
Γö£ ΓùÅ /research/[slug]                                    2.19 kB         150 kB
Γö£   Γö£ /research/sensor-fusion-wearable-health
Γö£   Γö£ /research/edge-ai-anomaly-detection
Γö£   Γö£ /research/automated-emergency-response-framework
Γö£   Γöö /research/ai-engineering-workflow-optimization
Γö£ Γùï /robots.txt                                         0 B                0 B
Γöö Γùï /sitemap.xml                                        0 B                0 B
+ First Load JS shared by all                           87.7 kB
  Γö£ chunks/117-003fb0cd270a3714.js                      31.9 kB
  Γö£ chunks/fd9d1056-ad50bd4ebbe38685.js                 53.6 kB
  Γöö other shared chunks (total)                         2.24 kB


Γùï  (Static)  prerendered as static content
ΓùÅ  (SSG)     prerendered as static HTML (uses getStaticProps)

